// Jest Snapshot v1, https://goo.gl/fbAQLP

exports[`Publishing Flow should guide me towards creating a new post to embed my story 1`] = `
"<!-- wp:web-stories/embed {\\"url\\":\\"http://localhost:8899/web-stories/publishing-flow-test\\",\\"title\\":\\"Publishing Flow Test\\"} -->
<div class=\\"wp-block-web-stories-embed alignnone\\"><a href=\\"http://localhost:8899/web-stories/publishing-flow-test\\">Publishing Flow Test</a></div>
<!-- /wp:web-stories/embed -->"
`;
